[www.upgrad.com/mba-opj-global-university-lpv1/index.html]
[assets.upgrad.com/1802/_next/static/css/ffa223351b22e0a4.css]
[assets.upgrad.com/1802/_next/static/css/aa8802bd53b1027f.css]
[assets.upgrad.com/1802/_next/static/css/771c12358b6e1c33.css]
[assets.upgrad.com/1802/_next/static/css/5214bb5041a4d56d.css]
[assets.upgrad.com/1802/_next/static/css/b8f122b0c01e9f5d.css]
[assets.upgrad.com/1802/_next/static/css/9062ba240c5a880c.css]
[assets.upgrad.com/1802/_next/static/css/655eb9ddae866b23.css]
[eum.instana.io/eum.min.js]
[backblue.gif]
[fade.gif]
[index.html]
[www.upgrad.com/mba-opj-global-university-lpv1/index.html]
[assets.upgrad.com/1802/_next/static/css/ffa223351b22e0a4.css]
[assets.upgrad.com/1802/_next/static/css/aa8802bd53b1027f.css]
[wchat.freshchat.com/js/widget.js]
[assets.upgrad.com/1802/_next/static/media/flags.e6454ac1.png]
[assets.upgrad.com/1802/_next/static/css/771c12358b6e1c33.css]
[assets.upgrad.com/1802/_next/static/css/5214bb5041a4d56d.css]
[assets.upgrad.com/1802/_next/static/css/9c4941ab43da4a0f.css]
[assets.upgrad.com/1802/_next/static/css/d7b56bd723f61d59.css]
[assets.upgrad.com/1802/_next/static/css/18327586d51646d3.css]
[assets.upgrad.com/1802/_next/static/css/7dc687014253258b.css]
[assets.upgrad.com/1802/_next/static/css/b8f122b0c01e9f5d.css]
[assets.upgrad.com/1802/_next/static/css/7e3746a276680e27.css]
[assets.upgrad.com/1802/_next/static/css/53a7c623f1eb0358.css]
[assets.upgrad.com/1802/_next/static/css/9062ba240c5a880c.css]
[assets.upgrad.com/1802/_next/static/css/655eb9ddae866b23.css]
[assets.upgrad.com/1802/_next/static/css/ddba1f4fa3e84b91.css]
[assets.upgrad.com/1802/_next/static/css/9099b745da241971.css]
[assets.upgrad.com/1802/_next/static/css/fb1f5cdf1fa73596.css]
[assets.upgrad.com/1802/_next/static/css/e5d09f16c8595503.css]
